// Jest Snapshot v1, https://goo.gl/fbAQLP

exports[`NewWaypoint renders a list of places which are not used as waypoints yet 1`] = `
<div
  className="modal is-active"
>
  <div
    className="modal-background"
  />
  <div
    className="modal-card"
  >
    <form
      onSubmit={[Function]}
    >
      <header
        className="modal-card-head"
      >
        <p
          className="modal-card-title"
        >
          Add waypoint
        </p>
      </header>
      <section
        className="modal-card-body"
      >
        <div
          className="field"
        >
          <div
            className="control"
          >
            <div
              aria-expanded={false}
              aria-haspopup="listbox"
              aria-owns="react-autowhatever-1"
              className="react-autosuggest__container"
              role="combobox"
            >
              <input
                aria-activedescendant={null}
                aria-autocomplete="list"
                aria-controls="react-autowhatever-1"
                autoComplete="off"
                autoFocus={true}
                className="input"
                onBlur={[Function]}
                onChange={[Function]}
                onFocus={[Function]}
                onKeyDown={[Function]}
                type="text"
                value=""
              />
              <div
                className="react-autosuggest__suggestions-container"
                id="react-autowhatever-1"
                role="listbox"
              />
            </div>
          </div>
        </div>
      </section>
      <footer
        className="modal-card-foot"
      >
        <button
          className="button is-success"
          onClick={[Function]}
        >
          Add
        </button>
        <a
          className="button"
          href="/games/1"
          onClick={[Function]}
        >
          Back
        </a>
      </footer>
    </form>
  </div>
  <a
    aria-label="close"
    className="modal-close is-large"
    href="/games/1"
    onClick={[Function]}
  />
</div>
`;

exports[`NewWaypoint renders empty div when game is not found 1`] = `<div />`;
